[   15382ms] [INFO] %c📡 [info] POST /users/log-in
 color: inherit; @ http://127.0.0.1:4000/phoenix/live_reload/frame:1854
[   15615ms] [INFO] %c📡 [info] Sent 302 in 232ms
 color: inherit; @ http://127.0.0.1:4000/phoenix/live_reload/frame:1854
[   15631ms] [INFO] %c📡 [info] GET /
 color: inherit; @ http://127.0.0.1:4000/phoenix/live_reload/frame:1854
[   15656ms] [INFO] %c📡 [info] Sent 200 in 25ms
 color: inherit; @ http://127.0.0.1:4000/phoenix/live_reload/frame:1854
[   23053ms] [ERROR] %c📡 [error] GenServer {Oban.Registry, {Oban, {:plugin, Oban.Plugins.Pruner}}} terminating
** (ArgumentError) JOINS are not supported on DELETE statements by SQLite
    (ecto_sqlite3 0.24.1) lib/ecto/adapters/sqlite3/connection.ex:240: Ecto.Adapters.SQLite3.Connection.delete_all/1
    (ecto_sqlite3 0.24.1) lib/ecto/adapters/sqlite3.ex:251: Ecto.Adapters.SQLite3.prepare/2
    (ecto 3.14.0) lib/ecto/query/planner.ex:203: Ecto.Query.Planner.query_without_cache/4
    (ecto 3.14.0) lib/ecto/query/planner.ex:171: Ecto.Query.Planner.query_prepare/6
    (ecto 3.14.0) lib/ecto/query/planner.ex:144: Ecto.Query.Planner.query_with_cache/8
    (ecto 3.14.0) lib/ecto/repo/queryable.ex:230: Ecto.Repo.Queryable.execute/4
    (oban 2.23.0) lib/oban/engines/basic.ex:175: Oban.Engines.Basic.prune_jobs/3
    (oban 2.23.0) lib/oban/engine.ex:278: anonymous fn/4 in Oban.Engine.prune_jobs/3
    (oban 2.23.0) lib/oban/engine.ex:404: anonymous fn/3 in Oban.Engine.with_span/4
    (telemetry 1.4.2) /Users/matheuspuppe/Desktop/Projetos/phoenix_paas/deps/telemetry/src/telemetry.erl:359: :telemetry.span/3
    (oban 2.23.0) lib/oban/plugins/pruner.ex:153: anonymous fn/1 in Oban.Plugins.Pruner.check_leadership_and_delete_jobs/1
    (phoenix_paas 0.1.0) lib/phoenix_paas/repo.ex:2: anonymous fn/1 in PhoenixPaas.Repo.transaction/2
    (ecto 3.14.0) lib/ecto/repo/transaction.ex:11: anonymous fn/3 in Ecto.Repo.Transaction.transact/4
    (ecto_sql 3.14.0) lib/ecto/adapters/sql.ex:1481: anonymous fn/3 in Ecto.Adapters.SQL.checkout_or_transaction/4
    (db_connection 2.10.1) lib/db_connection.ex:1766: DBConnection.run_transaction/4
    (oban 2.23.0) lib/oban/repo.ex:221: Oban.Repo.transaction/4
    (oban 2.23.0) lib/oban/plugins/pruner.ex:120: anonymous fn/2 in Oban.Plugins.Pruner.handle_info/2
    (telemetry 1.4.2) /Users/matheuspuppe/Desktop/Projetos/phoenix_paas/deps/telemetry/src/telemetry.erl:359: :telemetry.span/3
    (oban 2.23.0) lib/oban/plugins/pruner.ex:119: Oban.Plugins.Pruner.handle_info/2
    (stdlib 7.3) gen_server.erl:2434: :gen_server.try_handle_info/3
Last message: :prune
State: %Oban.Plugins.Pruner{conf: %Oban.Config{dispatch_cooldown: 5, engine: Oban.Engines.Basic, get_dynamic_repo: nil, insert_trigger: true, log: false, name: Oban, node: "Matheuss-MacBook-Air", notifier: {Oban.Notifiers.Isolated, []}, peer: {Oban.Peers.Isolated, []}, plugins: [{Oban.Plugins.Pruner, []}], prefix: false, queues: [deploys: [limit: 2]], repo: PhoenixPaas.Repo, shutdown_grace_period: 900000, stage_interval: 1000, testing: :disabled}, timer: #Reference<0.1129810015.85983233.216182>, interval: 30000, limit: 10000, max_age: 60}
 color: inherit; @ http://127.0.0.1:4000/phoenix/live_reload/frame:1854
[   53055ms] [ERROR] %c📡 [error] GenServer {Oban.Registry, {Oban, {:plugin, Oban.Plugins.Pruner}}} terminating
** (ArgumentError) JOINS are not supported on DELETE statements by SQLite
    (ecto_sqlite3 0.24.1) lib/ecto/adapters/sqlite3/connection.ex:240: Ecto.Adapters.SQLite3.Connection.delete_all/1
    (ecto_sqlite3 0.24.1) lib/ecto/adapters/sqlite3.ex:251: Ecto.Adapters.SQLite3.prepare/2
    (ecto 3.14.0) lib/ecto/query/planner.ex:203: Ecto.Query.Planner.query_without_cache/4
    (ecto 3.14.0) lib/ecto/query/planner.ex:171: Ecto.Query.Planner.query_prepare/6
    (ecto 3.14.0) lib/ecto/query/planner.ex:144: Ecto.Query.Planner.query_with_cache/8
    (ecto 3.14.0) lib/ecto/repo/queryable.ex:230: Ecto.Repo.Queryable.execute/4
    (oban 2.23.0) lib/oban/engines/basic.ex:175: Oban.Engines.Basic.prune_jobs/3
    (oban 2.23.0) lib/oban/engine.ex:278: anonymous fn/4 in Oban.Engine.prune_jobs/3
    (oban 2.23.0) lib/oban/engine.ex:404: anonymous fn/3 in Oban.Engine.with_span/4
    (telemetry 1.4.2) /Users/matheuspuppe/Desktop/Projetos/phoenix_paas/deps/telemetry/src/telemetry.erl:359: :telemetry.span/3
    (oban 2.23.0) lib/oban/plugins/pruner.ex:153: anonymous fn/1 in Oban.Plugins.Pruner.check_leadership_and_delete_jobs/1
    (phoenix_paas 0.1.0) lib/phoenix_paas/repo.ex:2: anonymous fn/1 in PhoenixPaas.Repo.transaction/2
    (ecto 3.14.0) lib/ecto/repo/transaction.ex:11: anonymous fn/3 in Ecto.Repo.Transaction.transact/4
    (ecto_sql 3.14.0) lib/ecto/adapters/sql.ex:1481: anonymous fn/3 in Ecto.Adapters.SQL.checkout_or_transaction/4
    (db_connection 2.10.1) lib/db_connection.ex:1766: DBConnection.run_transaction/4
    (oban 2.23.0) lib/oban/repo.ex:221: Oban.Repo.transaction/4
    (oban 2.23.0) lib/oban/plugins/pruner.ex:120: anonymous fn/2 in Oban.Plugins.Pruner.handle_info/2
    (telemetry 1.4.2) /Users/matheuspuppe/Desktop/Projetos/phoenix_paas/deps/telemetry/src/telemetry.erl:359: :telemetry.span/3
    (oban 2.23.0) lib/oban/plugins/pruner.ex:119: Oban.Plugins.Pruner.handle_info/2
    (stdlib 7.3) gen_server.erl:2434: :gen_server.try_handle_info/3
Last message: :prune
State: %Oban.Plugins.Pruner{conf: %Oban.Config{dispatch_cooldown: 5, engine: Oban.Engines.Basic, get_dynamic_repo: nil, insert_trigger: true, log: false, name: Oban, node: "Matheuss-MacBook-Air", notifier: {Oban.Notifiers.Isolated, []}, peer: {Oban.Peers.Isolated, []}, plugins: [{Oban.Plugins.Pruner, []}], prefix: false, queues: [deploys: [limit: 2]], repo: PhoenixPaas.Repo, shutdown_grace_period: 900000, stage_interval: 1000, testing: :disabled}, timer: #Reference<0.1129810015.85983233.219269>, interval: 30000, limit: 10000, max_age: 60}
 color: inherit; @ http://127.0.0.1:4000/phoenix/live_reload/frame:1854
[   83058ms] [ERROR] %c📡 [error] GenServer {Oban.Registry, {Oban, {:plugin, Oban.Plugins.Pruner}}} terminating
** (ArgumentError) JOINS are not supported on DELETE statements by SQLite
    (ecto_sqlite3 0.24.1) lib/ecto/adapters/sqlite3/connection.ex:240: Ecto.Adapters.SQLite3.Connection.delete_all/1
    (ecto_sqlite3 0.24.1) lib/ecto/adapters/sqlite3.ex:251: Ecto.Adapters.SQLite3.prepare/2
    (ecto 3.14.0) lib/ecto/query/planner.ex:203: Ecto.Query.Planner.query_without_cache/4
    (ecto 3.14.0) lib/ecto/query/planner.ex:171: Ecto.Query.Planner.query_prepare/6
    (ecto 3.14.0) lib/ecto/query/planner.ex:144: Ecto.Query.Planner.query_with_cache/8
    (ecto 3.14.0) lib/ecto/repo/queryable.ex:230: Ecto.Repo.Queryable.execute/4
    (oban 2.23.0) lib/oban/engines/basic.ex:175: Oban.Engines.Basic.prune_jobs/3
    (oban 2.23.0) lib/oban/engine.ex:278: anonymous fn/4 in Oban.Engine.prune_jobs/3
    (oban 2.23.0) lib/oban/engine.ex:404: anonymous fn/3 in Oban.Engine.with_span/4
    (telemetry 1.4.2) /Users/matheuspuppe/Desktop/Projetos/phoenix_paas/deps/telemetry/src/telemetry.erl:359: :telemetry.span/3
    (oban 2.23.0) lib/oban/plugins/pruner.ex:153: anonymous fn/1 in Oban.Plugins.Pruner.check_leadership_and_delete_jobs/1
    (phoenix_paas 0.1.0) lib/phoenix_paas/repo.ex:2: anonymous fn/1 in PhoenixPaas.Repo.transaction/2
    (ecto 3.14.0) lib/ecto/repo/transaction.ex:11: anonymous fn/3 in Ecto.Repo.Transaction.transact/4
    (ecto_sql 3.14.0) lib/ecto/adapters/sql.ex:1481: anonymous fn/3 in Ecto.Adapters.SQL.checkout_or_transaction/4
    (db_connection 2.10.1) lib/db_connection.ex:1766: DBConnection.run_transaction/4
    (oban 2.23.0) lib/oban/repo.ex:221: Oban.Repo.transaction/4
    (oban 2.23.0) lib/oban/plugins/pruner.ex:120: anonymous fn/2 in Oban.Plugins.Pruner.handle_info/2
    (telemetry 1.4.2) /Users/matheuspuppe/Desktop/Projetos/phoenix_paas/deps/telemetry/src/telemetry.erl:359: :telemetry.span/3
    (oban 2.23.0) lib/oban/plugins/pruner.ex:119: Oban.Plugins.Pruner.handle_info/2
    (stdlib 7.3) gen_server.erl:2434: :gen_server.try_handle_info/3
Last message: :prune
State: %Oban.Plugins.Pruner{conf: %Oban.Config{dispatch_cooldown: 5, engine: Oban.Engines.Basic, get_dynamic_repo: nil, insert_trigger: true, log: false, name: Oban, node: "Matheuss-MacBook-Air", notifier: {Oban.Notifiers.Isolated, []}, peer: {Oban.Peers.Isolated, []}, plugins: [{Oban.Plugins.Pruner, []}], prefix: false, queues: [deploys: [limit: 2]], repo: PhoenixPaas.Repo, shutdown_grace_period: 900000, stage_interval: 1000, testing: :disabled}, timer: #Reference<0.1129810015.85983233.219808>, interval: 30000, limit: 10000, max_age: 60}
 color: inherit; @ http://127.0.0.1:4000/phoenix/live_reload/frame:1854
[   96029ms] [ERROR] Failed to load resource: the server responded with a status of 500 (Internal Server Error) @ http://127.0.0.1:4000/servers:0
